[INFO] Scanning for projects...
[INFO] 
[INFO] ----------------------< com.scuplus:scuplus-java >----------------------
[INFO] Building scuplus-java 0.0.1-SNAPSHOT
[INFO]   from pom.xml
[INFO] --------------------------------[ jar ]---------------------------------
[INFO] 
[INFO] >>> spring-boot:3.5.3:run (default-cli) > test-compile @ scuplus-java >>>
[INFO] 
[INFO] --- resources:3.3.1:resources (default-resources) @ scuplus-java ---
[INFO] Copying 3 resources from src\main\resources to target\classes
[INFO] Copying 8 resources from src\main\resources to target\classes
[INFO] 
[INFO] --- compiler:3.14.0:compile (default-compile) @ scuplus-java ---
[INFO] Nothing to compile - all classes are up to date.
[INFO] 
[INFO] --- resources:3.3.1:testResources (default-testResources) @ scuplus-java ---
[INFO] skip non existing resourceDirectory D:\scuplus-java\src\test\resources
[INFO] 
[INFO] --- compiler:3.14.0:testCompile (default-testCompile) @ scuplus-java ---
[INFO] Nothing to compile - all classes are up to date.
[INFO] 
[INFO] <<< spring-boot:3.5.3:run (default-cli) < test-compile @ scuplus-java <<<
[INFO] 
[INFO] 
[INFO] --- spring-boot:3.5.3:run (default-cli) @ scuplus-java ---
[INFO] Attaching agents: []
Standard Commons Logging discovery in action with spring-jcl: please remove commons-logging.jar from classpath in order to avoid potential conflicts

  .   ____          _            __ _ _
 /\\ / ___'_ __ _ _(_)_ __  __ _ \ \ \ \
( ( )\___ | '_ | '_| | '_ \/ _` | \ \ \ \
 \\/  ___)| |_)| | | | | || (_| |  ) ) ) )
  '  |____| .__|_| |_|_| |_\__, | / / / /
 =========|_|==============|___/=/_/_/_/

 :: Spring Boot ::                (v3.5.3)

2026-09-09 13:11:21.669 INFO  [] com.scuplus.ScuplusApplication - Starting ScuplusApplication using Java 21.0.11 with PID 12656 (D:\scuplus-java\target\classes started by User in D:\scuplus-java)
2026-09-09 13:11:21.670 INFO  [] com.scuplus.ScuplusApplication - The following 1 profile is active: "prod"
2026-09-09 13:11:22.238 INFO  [] o.s.d.r.c.RepositoryConfigurationDelegate - Multiple Spring Data modules found, entering strict repository configuration mode
2026-09-09 13:11:22.239 INFO  [] o.s.d.r.c.RepositoryConfigurationDelegate - Bootstrapping Spring Data Elasticsearch repositories in DEFAULT mode.
2026-09-09 13:11:22.262 INFO  [] o.s.d.r.c.RepositoryConfigurationDelegate - Finished Spring Data repository scanning in 19 ms. Found 0 Elasticsearch repository interfaces.
2026-09-09 13:11:22.268 INFO  [] o.s.d.r.c.RepositoryConfigurationDelegate - Multiple Spring Data modules found, entering strict repository configuration mode
2026-09-09 13:11:22.268 INFO  [] o.s.d.r.c.RepositoryConfigurationDelegate - Bootstrapping Spring Data Reactive Elasticsearch repositories in DEFAULT mode.
2026-09-09 13:11:22.280 INFO  [] o.s.d.r.c.RepositoryConfigurationDelegate - Finished Spring Data repository scanning in 11 ms. Found 0 Reactive Elasticsearch repository interfaces.
2026-09-09 13:11:22.285 INFO  [] o.s.d.r.c.RepositoryConfigurationDelegate - Multiple Spring Data modules found, entering strict repository configuration mode
2026-09-09 13:11:22.286 INFO  [] o.s.d.r.c.RepositoryConfigurationDelegate - Bootstrapping Spring Data Redis repositories in DEFAULT mode.
2026-09-09 13:11:22.302 INFO  [] o.s.d.r.c.RepositoryConfigurationDelegate - Finished Spring Data repository scanning in 11 ms. Found 0 Redis repository interfaces.
2026-09-09 13:11:22.734 INFO  [] o.s.b.w.e.tomcat.TomcatWebServer - Tomcat initialized with port 8081 (http)
2026-09-09 13:11:22.744 INFO  [] o.a.catalina.core.StandardService - Starting service [Tomcat]
2026-09-09 13:11:22.744 INFO  [] o.a.catalina.core.StandardEngine - Starting Servlet engine: [Apache Tomcat/10.1.42]
2026-09-09 13:11:22.822 INFO  [] o.a.c.c.C.[Tomcat].[localhost].[/] - Initializing Spring embedded WebApplicationContext
2026-09-09 13:11:22.823 INFO  [] o.s.b.w.s.c.ServletWebServerApplicationContext - Root WebApplicationContext: initialization completed in 1126 ms
Standard Commons Logging discovery in action with spring-jcl: please remove commons-logging.jar from classpath in order to avoid potential conflicts
 _ _   |_  _ _|_. ___ _ |    _ 
| | |\/|_)(_| | |_\  |_)||_|_\ 
     /               |         
                        3.5.7 
2026-09-09 13:11:23.271 INFO  [] com.zaxxer.hikari.HikariDataSource - HikariPool-1 - Starting...
2026-09-09 13:11:23.382 INFO  [] com.zaxxer.hikari.pool.HikariPool - HikariPool-1 - Added connection com.mysql.cj.jdbc.ConnectionImpl@7bdb4d69
2026-09-09 13:11:23.383 INFO  [] com.zaxxer.hikari.HikariDataSource - HikariPool-1 - Start completed.
2026-09-09 13:11:23.422 INFO  [] c.s.m.c.s.Impl.CourseSeckillImpl - 合法课程ID加载完毕，共 200 门
2026-09-09 13:11:24.856 INFO  [] c.s.m.c.s.Impl.CourseSeckillImpl - 抢课缓存初始化完成：200 门课程已灌入 Redis，当前模式 mysql
2026-09-09 13:11:25.606 INFO  [] c.s.module.oss.service.OssService - MinIO bucket 'scuplus' 已设为公开读
2026-09-09 13:11:25.614 WARN  [] com.amazonaws.util.Base64 - JAXB is unavailable. Will fallback to SDK implementation which may be less performant.If you are using Java 9+, you will need to include javax.xml.bind:jaxb-api as a dependency.
2026-09-09 13:11:25.740 WARN  [] c.s.module.oss.service.OssService - MinIO CORS 配置未生效（A header you provided implies functionality that is not implemented (Service: Amazon S3; Status Code: 501; Error Code: NotImplemented; Request ID: 18D38EFB01DEF763; S3 Extended Request ID: dd9025bab4ad464b049177c95eb6ebf374d3b3fd1af9251148b658df7ac2e3e8; Proxy: null)）；若浏览器直传被拦，手动执行 mc cors set 即可
2026-09-09 13:11:26.154 INFO  [] c.s.m.s.service.PostSearchService - ES posts 索引已就绪(IK分词)
2026-09-09 13:11:26.239 INFO  [] o.s.b.a.w.s.WelcomePageHandlerMapping - Adding welcome page: class path resource [static/index.html]
2026-09-09 13:11:26.315 WARN  [] o.s.b.a.s.s.UserDetailsServiceAutoConfiguration - 

Using generated security password: 4aa091b0-29de-4980-a2ea-113de9c2f227

This generated password is for development use only. Your security configuration must be updated before running your application in production.

2026-09-09 13:11:26.318 INFO  [] o.s.s.c.a.a.c.InitializeUserDetailsBeanManagerConfigurer$InitializeUserDetailsManagerConfigurer - Global AuthenticationManager configured with UserDetailsService bean with name inMemoryUserDetailsManager
2026-09-09 13:11:26.656 INFO  [] o.s.b.w.e.tomcat.TomcatWebServer - Tomcat started on port 8081 (http) with context path '/'
2026-09-09 13:11:26.670 INFO  [] com.scuplus.ScuplusApplication - Started ScuplusApplication in 5.286 seconds (process running for 5.564)
2026-09-09 13:13:19.267 INFO  [] o.a.c.c.C.[Tomcat].[localhost].[/] - Initializing Spring DispatcherServlet 'dispatcherServlet'
2026-09-09 13:13:19.267 INFO  [] o.s.web.servlet.DispatcherServlet - Initializing Servlet 'dispatcherServlet'
2026-09-09 13:13:19.268 INFO  [] o.s.web.servlet.DispatcherServlet - Completed initialization in 1 ms
[INFO] ------------------------------------------------------------------------
[INFO] BUILD FAILURE
[INFO] ------------------------------------------------------------------------
[INFO] Total time:  03:18 min
[INFO] Finished at: 2026-09-09T13:14:37+08:00
[INFO] ------------------------------------------------------------------------
[ERROR] Failed to execute goal org.springframework.boot:spring-boot-maven-plugin:3.5.3:run (default-cli) on project scuplus-java: Process terminated with exit code: 1 -> [Help 1]
[ERROR] 
[ERROR] To see the full stack trace of the errors, re-run Maven with the -e switch.
[ERROR] Re-run Maven using the -X switch to enable full debug logging.
[ERROR] 
[ERROR] For more information about the errors and possible solutions, please read the following articles:
[ERROR] [Help 1] http://cwiki.apache.org/confluence/display/MAVEN/MojoExecutionException
